*****************************************************************
      SolidWorks Corporation - IGES Processor Status Report
*****************************************************************
=================================================================
General Information
=================================================================
Sending System Product I.D.  : MODEL2
Receiving System Product I.D.: MODEL2
File Name                    : C:\TPO v2\SharedFS\Outgoing\ucf205.igs
Sending System               :  by Parametric Technology Corporation
Preprocessor Version         : 2013430
File Creation Date           : 20170413.035606
Model Creation Date          : 20170413.035606
Units                        : MM
Model Space Scale            : 1
Author                       : 
Organization                 : Unknown


=================================================================
Entity Processing Information
=================================================================


=================================================================
Precision analysis of IGES file:
=================================================================
  Most prevalent number of significant digits:               2
  Highest number of significant digits:                     13
  Average number of significant digits:                5.57854
  Maximum distance to origin:                          494.705
  Minimum distance to origin:                                0
  Effective number of significant digits:                   13


=================================================================
Entity Summary
=================================================================
-----------------------------------------------------------------
Type Name                                         Count Converted
---- ----                                         ----- ---------
100  Arc                                            126       126
104  Conic arc                                        1         1
110  Line                                           220       220
112  Parametric spline curve                         26        26
114  Parametric spline surface                       40        40
120  Surface of revolution                           60        60
124  Transformation matrix                          127       127
186  Manifold Solid B-rep Object                      1         1
314  Color definition                                 2         2
502  Vertex list                                      1         1
504  Edge entity                                      1         1
508  Loop entity                                    118       118
510  Face entity                                    100       100
514  Shell entity                                     1         1
_________________________________________________________________


=================================================================
Result Summary
=================================================================
SolidWorks Feature Type                Count
-----------------------                -----
Solid feature(s)                       1
Surface feature(s)                     0
Curve/Sketch feature(s)                0
--------------------------------------------
Start time: Thýì Nãm, Thaìng Tý 13, 2017 08:57:43
Finish time: Thýì Nãm, Thaìng Tý 13, 2017 08:57:48
Processing time: 0 days, 00 hours, 00 mins, 05 secs
